namespace TestNameSpace
{
    public static class TestSchema
    {
        public static class Definitions
        {
            public static class User
            {
                public const string Name = "user";
                public const string? Namespace = "mynamespace";
                public static string WithId(string id, bool includeNamespace = false) => includeNamespace ? $"mynamespace/user:{id}" : $"user:{id}";
            }

            public static class Document
            {
                public const string Name = "document";
                public const string? Namespace = "mynamespace";
                public static string WithId(string id, bool includeNamespace = false) => includeNamespace ? $"mynamespace/document:{id}" : $"document:{id}";
                public static class Relations
                {
                    public const string Viewer = "viewer";
                    public const string Editor = "editor";
                }

                public static class Permissions
                {
                    public const string View = "view";
                    public const string Edit = "edit";
                }
            }
        }
    }
}
