spice2json exited with code 1. Output: parse error in ``, line 1, column 1: Unexpected token at root level: TokenTypeIdentifier
